2026/05/12 09:58:55 config path: ./config/config-local.yml
{"level":"info","ts":1778554735.536494,"caller":"worker/main.go:33","msg":"starting CDC Worker","service":"centralized-data-service","port":":8082"}
{"level":"info","ts":1778554735.5369,"caller":"idgen/sonyflake.go:31","msg":"sonyflake initialized","machineID":2754,"ip":"192.168.10.194"}
{"level":"info","ts":1778554735.565357,"caller":"observability/otel.go:400","msg":"OpenTelemetry initialized","service":"cdc-worker","endpoint":"http://otel-collector:4318","sample_ratio":1,"log_memory_limit_mib":256,"log_fallback_threshold":10}
{"level":"info","ts":1778554735.565454,"msg":"OTel zap bridge active — logs forwarding to SigNoz (severity-aware)"}
{"level":"info","ts":1778554735.623971,"msg":"PostgreSQL connected (multi-pg registry)","control_plane":"postgres://gpay_admin:***@localhost:5433/cdc_dw?sslmode=disable","shadow_plane":"postgres://gpay_admin:***@localhost:5436/cdc_shadow?sslmode=disable","destination":"postgres://gpay_admin:***@localhost:5434/goopay_dest?sslmode=disable"}
{"level":"info","ts":1778554735.624033,"msg":"postgres read-replica not configured, reusing primary with SET TRANSACTION READ ONLY"}
{"level":"info","ts":1778554735.643481,"msg":"NATS JetStream connected","url":"nats://cdc_worker:worker_secret_2026@localhost:14222"}
{"level":"info","ts":1778554735.647072,"msg":"NATS streams ready"}
{"level":"info","ts":1778554735.649013,"msg":"Redis connected","addr":"localhost:16379"}
{"level":"info","ts":1778554735.661421,"msg":"V2 metadata registry reloaded","sources":1,"connections":5,"shadow_bindings":1,"v2_mapping_rules":0}
{"level":"info","ts":1778554735.6656818,"msg":"MongoDB connected","url":"mongodb://localhost:17017/?directConnection=true"}
{"level":"info","ts":1778554735.665754,"msg":"Reconciliation Core initialized (replica + leader election)"}
{"level":"info","ts":1778554735.667287,"msg":"transmute handler registered","subject_run":"cdc.cmd.transmute","subject_shadow":"cdc.cmd.transmute-shadow"}
{"level":"info","ts":1778554735.667305,"msg":"transmute scheduler started (60s poll, cron + FOR UPDATE SKIP LOCKED + fencing)"}
{"level":"info","ts":1778554735.6673112,"msg":"job monitor registered","subject":"cdc.evt.transmute.completed"}
{"level":"info","ts":1778554735.667329,"msg":"master DDL handler registered","subject":"cdc.cmd.master-create"}
{"level":"info","ts":1778554735.6673331,"msg":"provisioning orchestrator DISABLED (set PROVISIONING_ORCHESTRATOR_ENABLED=1 to enable)"}
{"level":"info","ts":1778554735.667385,"msg":"transmute scheduler started","interval":60,"machine_id":0,"fencing_token":0}
{"level":"info","ts":1778554735.673184,"msg":"MongoDB connected","url":"mongodb://localhost:17017/?directConnection=true"}
{"level":"info","ts":1778554735.6732469,"msg":"reconciliation handlers registered (7 commands)"}
{"level":"info","ts":1778554735.673253,"msg":"command listeners registered","subjects":["cdc.cmd.standardize","cdc.cmd.discover","cdc.cmd.backfill","cdc.cmd.scan-raw-data","cdc.cmd.batch-transform","cdc.cmd.recon-check","cdc.cmd.recon-heal","cdc.cmd.retry-failed","cdc.cmd.debezium-signal","cdc.cmd.debezium-snapshot","cdc.cmd.scan-fields","cdc.cmd.sync-register","cdc.cmd.sync-state","cdc.cmd.restart-debezium","cdc.cmd.alter-column","cdc.cmd.master-create","cdc.cmd.transmute","cdc.cmd.transmute-shadow"]}
{"level":"info","ts":1778554735.673462,"msg":"starting consumer pool","pool_size":10}
{"level":"info","ts":1778554735.673525,"msg":"kafka consumer started","brokers":["localhost:19092"],"group":"cdc-worker-group-debug-v1"}
{"level":"info","ts":1778554735.6735349,"msg":"metrics HTTP server listening","addr":":9090","paths":["/metrics","/health"]}
{"level":"info","ts":1778554735.673541,"msg":"CDC Worker started","port":":8082"}
{"level":"info","ts":1778554735.673719,"msg":"full-count aggregator starting","run_at_utc":"03:00","pg_fast_path_cutoff":10000000}
{"level":"info","ts":1778554735.6738229,"msg":"kafka consumer starting","brokers":["localhost:19092"],"group":"cdc-worker-group-debug-v1","prefixes":["cdc.gpay","cdc.goopay","cdc.mariadb","cdc.market"]}
{"level":"info","ts":1778554735.6738298,"msg":"dlq state machine started","poll_interval":300,"batch_size":100,"max_retries":3}
{"level":"info","ts":1778554735.6738439,"msg":"partition dropper started","interval":86400,"failed_sync_logs_retention":7776000,"cdc_activity_log_retention":2592000}
2026/05/12 09:59:00 Post "http://otel-collector:4318/v1/logs": dial tcp: lookup otel-collector: no such host
2026/05/12 09:59:05 failed to upload metrics: Post "http://otel-collector:4318/v1/metrics": dial tcp: lookup otel-collector: no such host
{"level":"info","ts":1778554745.678862,"msg":"discovered kafka topics (multi-prefix union)","prefixes":["cdc.gpay","cdc.goopay","cdc.mariadb","cdc.market"],"topics":["cdc.goopay.centralized-export-service.export-jobs","cdc.goopay_export.centralized-export-service.export-jobs"],"debezium_tables":1,"count_cdc.gpay":0,"count_cdc.goopay":2,"count_cdc.mariadb":0,"count_cdc.market":0}
{"level":"info","ts":1778554745.679125,"msg":"kafka consumer started","topics":["cdc.goopay.centralized-export-service.export-jobs","cdc.goopay_export.centralized-export-service.export-jobs"],"group":"cdc-worker-group-debug-v1"}
2026/05/12 09:59:15 failed to upload metrics: Post "http://otel-collector:4318/v1/metrics": dial tcp: lookup otel-collector: no such host
{"level":"info","ts":1778554762.893288,"msg":"creating default columns","schema":"shadow_centralized_export_service","table":"sd_export_jobs"}
{"level":"info","ts":1778554762.910041,"msg":"triggering auto-discovery before sync","table":"sd_export_jobs"}
{"level":"warn","ts":1778554762.921845,"msg":"auto-discovery during sync failed (continuing with existing rules)","error":"shadow table sd_export_jobs is empty; wait for Debezium to sync some data before scanning fields"}
{"level":"info","ts":1778554762.9295418,"msg":"default columns ensured","schema":"shadow_centralized_export_service","table":"sd_export_jobs","columns_processed":0}
{"level":"info","ts":1778554762.929775,"msg":"command result","command":"create-default-columns","target_table":"sd_export_jobs","status":"success","rows_affected":0}
2026/05/12 09:59:25 failed to upload metrics: Post "http://otel-collector:4318/v1/metrics": dial tcp: lookup otel-collector: no such host
2026/05/12 09:59:25 Post "http://otel-collector:4318/v1/logs": dial tcp: lookup otel-collector: no such host
{"level":"info","ts":1778554765.675422,"msg":"reconcile schedule added to existing schedules"}
{"level":"info","ts":1778554765.67695,"msg":"schedule poller started","enabled_count":6,"registered":["bridge=5m","transform=5m","field-scan=60m","partition-check=1440m","airbyte-sync=5m","reconcile=30m"],"tick_interval":60,"recon_core_available":true}
2026/05/12 09:59:35 failed to upload metrics: Post "http://otel-collector:4318/v1/metrics": dial tcp: lookup otel-collector: no such host
2026/05/12 09:59:45 failed to upload metrics: Post "http://otel-collector:4318/v1/metrics": dial tcp: lookup otel-collector: no such host
2026/05/12 09:59:55 failed to upload metrics: Post "http://otel-collector:4318/v1/metrics": dial tcp: lookup otel-collector: no such host
{"level":"info","ts":1778554799.990805,"msg":"full-count aggregator pass starting","tables":1}

2026/05/12 10:00:00 [31;1m/Users/trainguyen/Documents/work/cdc-system/centralized-data-service/internal/service/full_count_aggregator.go:214 [35;1mERROR: relation "sd_export_jobs" does not exist (SQLSTATE 42P01)
[0m[33m[1.807ms] [34;1m[rows:-][0m SELECT COUNT(*) FROM "sd_export_jobs"
{"level":"warn","ts":1778554800.0053089,"msg":"full-count: PG COUNT(*) failed","target_table":"sd_export_jobs","error":"ERROR: relation \"sd_export_jobs\" does not exist (SQLSTATE 42P01)"}
{"level":"info","ts":1778554800.51106,"msg":"full-count aggregator pass complete","tables_counted":1,"tables_failed":0,"elapsed":0.520370958}
2026/05/12 10:00:00 Post "http://otel-collector:4318/v1/logs": dial tcp: lookup otel-collector: no such host
2026/05/12 10:00:05 failed to upload metrics: Post "http://otel-collector:4318/v1/metrics": dial tcp: lookup otel-collector: no such host
2026/05/12 10:00:15 failed to upload metrics: Post "http://otel-collector:4318/v1/metrics": dial tcp: lookup otel-collector: no such host
2026/05/12 10:00:25 failed to upload metrics: Post "http://otel-collector:4318/v1/metrics": dial tcp: lookup otel-collector: no such host
{"level":"info","ts":1778554825.687076,"msg":"executing scheduled operation","operation":"reconcile","interval_min":30,"first_run":true}
{"level":"info","ts":1778554825.6877298,"msg":"reconcile cycle started","started_at":1778554825.687071}
{"level":"info","ts":1778554825.822779,"msg":"reconcile cycle completed","tables_checked":0,"drift_detected":0,"error_count":0,"elapsed":0.135705583}
2026/05/12 10:00:35 failed to upload metrics: Post "http://otel-collector:4318/v1/metrics": dial tcp: lookup otel-collector: no such host
2026/05/12 10:00:45 failed to upload metrics: Post "http://otel-collector:4318/v1/metrics": dial tcp: lookup otel-collector: no such host
2026/05/12 10:00:55 failed to upload metrics: Post "http://otel-collector:4318/v1/metrics": dial tcp: lookup otel-collector: no such host
{"level":"info","ts":1778554859.65229,"msg":"debezium signal received","type":"","table":"export-jobs"}
2026/05/12 10:01:05 failed to upload metrics: Post "http://otel-collector:4318/v1/metrics": dial tcp: lookup otel-collector: no such host
2026/05/12 10:01:15 failed to upload metrics: Post "http://otel-collector:4318/v1/metrics": dial tcp: lookup otel-collector: no such host
2026/05/12 10:01:25 failed to upload metrics: Post "http://otel-collector:4318/v1/metrics": dial tcp: lookup otel-collector: no such host
2026/05/12 10:01:35 failed to upload metrics: Post "http://otel-collector:4318/v1/metrics": dial tcp: lookup otel-collector: no such host
2026/05/12 10:01:45 failed to upload metrics: Post "http://otel-collector:4318/v1/metrics": dial tcp: lookup otel-collector: no such host
{"level":"info","ts":1778554914.112698,"msg":"debezium signal received","type":"","table":"export-jobs"}
2026/05/12 10:01:55 failed to upload metrics: Post "http://otel-collector:4318/v1/metrics": dial tcp: lookup otel-collector: no such host
2026/05/12 10:02:05 failed to upload metrics: Post "http://otel-collector:4318/v1/metrics": dial tcp: lookup otel-collector: no such host
2026/05/12 10:02:15 failed to upload metrics: Post "http://otel-collector:4318/v1/metrics": dial tcp: lookup otel-collector: no such host
2026/05/12 10:02:25 failed to upload metrics: Post "http://otel-collector:4318/v1/metrics": dial tcp: lookup otel-collector: no such host
2026/05/12 10:02:35 failed to upload metrics: Post "http://otel-collector:4318/v1/metrics": dial tcp: lookup otel-collector: no such host
2026/05/12 10:02:45 failed to upload metrics: Post "http://otel-collector:4318/v1/metrics": dial tcp: lookup otel-collector: no such host
2026/05/12 10:02:55 failed to upload metrics: Post "http://otel-collector:4318/v1/metrics": dial tcp: lookup otel-collector: no such host
2026/05/12 10:03:05 failed to upload metrics: Post "http://otel-collector:4318/v1/metrics": dial tcp: lookup otel-collector: no such host
2026/05/12 10:03:15 failed to upload metrics: Post "http://otel-collector:4318/v1/metrics": dial tcp: lookup otel-collector: no such host
2026/05/12 10:03:25 failed to upload metrics: Post "http://otel-collector:4318/v1/metrics": dial tcp: lookup otel-collector: no such host
2026/05/12 10:03:35 failed to upload metrics: Post "http://otel-collector:4318/v1/metrics": dial tcp: lookup otel-collector: no such host
2026/05/12 10:03:45 failed to upload metrics: Post "http://otel-collector:4318/v1/metrics": dial tcp: lookup otel-collector: no such host
2026/05/12 10:03:55 failed to upload metrics: Post "http://otel-collector:4318/v1/metrics": dial tcp: lookup otel-collector: no such host
2026/05/12 10:04:05 failed to upload metrics: Post "http://otel-collector:4318/v1/metrics": dial tcp: lookup otel-collector: no such host
2026/05/12 10:04:15 failed to upload metrics: Post "http://otel-collector:4318/v1/metrics": dial tcp: lookup otel-collector: no such host
2026/05/12 10:04:25 failed to upload metrics: Post "http://otel-collector:4318/v1/metrics": dial tcp: lookup otel-collector: no such host
2026/05/12 10:04:35 failed to upload metrics: Post "http://otel-collector:4318/v1/metrics": dial tcp: lookup otel-collector: no such host
2026/05/12 10:04:45 failed to upload metrics: Post "http://otel-collector:4318/v1/metrics": dial tcp: lookup otel-collector: no such host
2026/05/12 10:04:55 failed to upload metrics: Post "http://otel-collector:4318/v1/metrics": dial tcp: lookup otel-collector: no such host
2026/05/12 10:05:05 failed to upload metrics: Post "http://otel-collector:4318/v1/metrics": dial tcp: lookup otel-collector: no such host
2026/05/12 10:05:15 failed to upload metrics: Post "http://otel-collector:4318/v1/metrics": dial tcp: lookup otel-collector: no such host
2026/05/12 10:05:25 failed to upload metrics: Post "http://otel-collector:4318/v1/metrics": dial tcp: lookup otel-collector: no such host
2026/05/12 10:05:35 failed to upload metrics: Post "http://otel-collector:4318/v1/metrics": dial tcp: lookup otel-collector: no such host
2026/05/12 10:05:45 failed to upload metrics: Post "http://otel-collector:4318/v1/metrics": dial tcp: lookup otel-collector: no such host
2026/05/12 10:05:55 failed to upload metrics: Post "http://otel-collector:4318/v1/metrics": dial tcp: lookup otel-collector: no such host
2026/05/12 10:06:05 failed to upload metrics: Post "http://otel-collector:4318/v1/metrics": dial tcp: lookup otel-collector: no such host
2026/05/12 10:06:15 failed to upload metrics: Post "http://otel-collector:4318/v1/metrics": dial tcp: lookup otel-collector: no such host
2026/05/12 10:06:25 failed to upload metrics: Post "http://otel-collector:4318/v1/metrics": dial tcp: lookup otel-collector: no such host
2026/05/12 10:06:35 failed to upload metrics: Post "http://otel-collector:4318/v1/metrics": dial tcp: lookup otel-collector: no such host
2026/05/12 10:06:45 failed to upload metrics: Post "http://otel-collector:4318/v1/metrics": dial tcp: lookup otel-collector: no such host
2026/05/12 10:06:55 failed to upload metrics: Post "http://otel-collector:4318/v1/metrics": dial tcp: lookup otel-collector: no such host
2026/05/12 10:07:05 failed to upload metrics: Post "http://otel-collector:4318/v1/metrics": dial tcp: lookup otel-collector: no such host
2026/05/12 10:07:15 failed to upload metrics: Post "http://otel-collector:4318/v1/metrics": dial tcp: lookup otel-collector: no such host
2026/05/12 10:07:25 failed to upload metrics: Post "http://otel-collector:4318/v1/metrics": dial tcp: lookup otel-collector: no such host
2026/05/12 10:07:35 failed to upload metrics: Post "http://otel-collector:4318/v1/metrics": dial tcp: lookup otel-collector: no such host
2026/05/12 10:07:45 failed to upload metrics: Post "http://otel-collector:4318/v1/metrics": dial tcp: lookup otel-collector: no such host
2026/05/12 10:07:55 failed to upload metrics: Post "http://otel-collector:4318/v1/metrics": dial tcp: lookup otel-collector: no such host
2026/05/12 10:08:05 failed to upload metrics: Post "http://otel-collector:4318/v1/metrics": dial tcp: lookup otel-collector: no such host
{"level":"info","ts":1778555293.371895,"msg":"shutting down CDC Worker..."}
{"level":"info","ts":1778555293.371992,"msg":"stopping consumer pool..."}
{"level":"info","ts":1778555293.372003,"msg":"metrics HTTP server stopped"}
2026/05/12 10:08:15 failed to upload metrics: Post "http://otel-collector:4318/v1/metrics": dial tcp: lookup otel-collector: no such host
{"level":"info","ts":1778555295.776017,"msg":"consumer pool stopped"}
{"level":"warn","ts":1778555295.776392,"msg":"NATS disconnected"}
{"level":"info","ts":1778555295.7764008,"caller":"observability/otel.go:419","msg":"OpenTelemetry shutdown"}
{"level":"info","ts":1778555295.776605,"msg":"CDC Worker stopped"}
