2026/05/12 09:43:31 config path: ./config/config-local.yml
{"level":"info","ts":1778553811.335445,"caller":"worker/main.go:33","msg":"starting CDC Worker","service":"centralized-data-service","port":":8082"}
{"level":"info","ts":1778553811.336122,"caller":"idgen/sonyflake.go:31","msg":"sonyflake initialized","machineID":2754,"ip":"192.168.10.194"}
{"level":"info","ts":1778553811.374232,"caller":"observability/otel.go:400","msg":"OpenTelemetry initialized","service":"cdc-worker","endpoint":"http://otel-collector:4318","sample_ratio":1,"log_memory_limit_mib":256,"log_fallback_threshold":10}
{"level":"info","ts":1778553811.374319,"msg":"OTel zap bridge active — logs forwarding to SigNoz (severity-aware)"}
{"level":"info","ts":1778553811.476171,"msg":"PostgreSQL connected (multi-pg registry)","control_plane":"postgres://gpay_admin:***@localhost:5433/cdc_dw?sslmode=disable","shadow_plane":"postgres://gpay_admin:***@localhost:5436/cdc_shadow?sslmode=disable","destination":"postgres://gpay_admin:***@localhost:5434/goopay_dest?sslmode=disable"}
{"level":"info","ts":1778553811.476227,"msg":"postgres read-replica not configured, reusing primary with SET TRANSACTION READ ONLY"}
{"level":"info","ts":1778553811.493758,"msg":"NATS JetStream connected","url":"nats://cdc_worker:worker_secret_2026@localhost:14222"}
{"level":"info","ts":1778553811.508469,"msg":"NATS streams ready"}
{"level":"info","ts":1778553811.52302,"msg":"Redis connected","addr":"localhost:16379"}
{"level":"info","ts":1778553811.544466,"msg":"V2 metadata registry reloaded","sources":1,"connections":5,"shadow_bindings":1,"v2_mapping_rules":0}
{"level":"info","ts":1778553811.549765,"msg":"MongoDB connected","url":"mongodb://localhost:17017/?directConnection=true"}
{"level":"info","ts":1778553811.549852,"msg":"Reconciliation Core initialized (replica + leader election)"}
{"level":"info","ts":1778553811.5513332,"msg":"transmute handler registered","subject_run":"cdc.cmd.transmute","subject_shadow":"cdc.cmd.transmute-shadow"}
{"level":"info","ts":1778553811.551348,"msg":"transmute scheduler started (60s poll, cron + FOR UPDATE SKIP LOCKED + fencing)"}
{"level":"info","ts":1778553811.551368,"msg":"job monitor registered","subject":"cdc.evt.transmute.completed"}
{"level":"info","ts":1778553811.551378,"msg":"master DDL handler registered","subject":"cdc.cmd.master-create"}
{"level":"info","ts":1778553811.551382,"msg":"provisioning orchestrator DISABLED (set PROVISIONING_ORCHESTRATOR_ENABLED=1 to enable)"}
{"level":"info","ts":1778553811.55142,"msg":"transmute scheduler started","interval":60,"machine_id":0,"fencing_token":0}
{"level":"info","ts":1778553811.556768,"msg":"MongoDB connected","url":"mongodb://localhost:17017/?directConnection=true"}
{"level":"info","ts":1778553811.556869,"msg":"reconciliation handlers registered (7 commands)"}
{"level":"info","ts":1778553811.556889,"msg":"command listeners registered","subjects":["cdc.cmd.standardize","cdc.cmd.discover","cdc.cmd.backfill","cdc.cmd.scan-raw-data","cdc.cmd.batch-transform","cdc.cmd.recon-check","cdc.cmd.recon-heal","cdc.cmd.retry-failed","cdc.cmd.debezium-signal","cdc.cmd.debezium-snapshot","cdc.cmd.scan-fields","cdc.cmd.sync-register","cdc.cmd.sync-state","cdc.cmd.restart-debezium","cdc.cmd.alter-column","cdc.cmd.master-create","cdc.cmd.transmute","cdc.cmd.transmute-shadow"]}
{"level":"info","ts":1778553811.5571399,"msg":"starting consumer pool","pool_size":10}
{"level":"info","ts":1778553811.557173,"msg":"kafka consumer started","brokers":["localhost:19092"],"group":"cdc-worker-group-debug-v1"}
{"level":"info","ts":1778553811.557181,"msg":"CDC Worker started","port":":8082"}
{"level":"info","ts":1778553811.557306,"msg":"metrics HTTP server listening","addr":":9090","paths":["/metrics","/health"]}
{"level":"info","ts":1778553811.5573251,"msg":"dlq state machine started","poll_interval":300,"batch_size":100,"max_retries":3}
{"level":"info","ts":1778553811.557424,"msg":"partition dropper started","interval":86400,"failed_sync_logs_retention":7776000,"cdc_activity_log_retention":2592000}
{"level":"info","ts":1778553811.5574,"msg":"full-count aggregator starting","run_at_utc":"03:00","pg_fast_path_cutoff":10000000}
{"level":"info","ts":1778553811.557497,"msg":"kafka consumer starting","brokers":["localhost:19092"],"group":"cdc-worker-group-debug-v1","prefixes":["cdc.gpay","cdc.goopay","cdc.mariadb","cdc.market"]}
{"level":"info","ts":1778553819.063354,"msg":"config reload triggered by user","table":"shadow_orders","user_id":"admin","action":"register","field":""}
{"level":"info","ts":1778553819.06925,"msg":"creating default columns","schema":"public","table":"shadow_orders"}
{"level":"info","ts":1778553819.079647,"msg":"V2 metadata registry reloaded","sources":2,"connections":5,"shadow_bindings":2,"v2_mapping_rules":0}
{"level":"info","ts":1778553819.111228,"msg":"default columns ensured","schema":"public","table":"shadow_orders","columns_processed":0}
{"level":"info","ts":1778553819.111388,"msg":"command result","command":"create-default-columns","target_table":"shadow_orders","status":"success","rows_affected":0}
2026/05/12 09:43:41 failed to upload metrics: Post "http://otel-collector:4318/v1/metrics": dial tcp: lookup otel-collector: no such host
2026/05/12 09:43:41 Post "http://otel-collector:4318/v1/logs": dial tcp: lookup otel-collector: no such host
{"level":"info","ts":1778553821.565137,"msg":"discovered kafka topics (multi-prefix union)","prefixes":["cdc.gpay","cdc.goopay","cdc.mariadb","cdc.market"],"topics":["cdc.gpay.public.orders"],"debezium_tables":2,"count_cdc.gpay":1,"count_cdc.goopay":0,"count_cdc.mariadb":0,"count_cdc.market":0}
{"level":"info","ts":1778553821.565251,"msg":"kafka consumer started","topics":["cdc.gpay.public.orders"],"group":"cdc-worker-group-debug-v1"}
2026/05/12 09:43:51 failed to upload metrics: Post "http://otel-collector:4318/v1/metrics": dial tcp: lookup otel-collector: no such host
2026/05/12 09:44:01 failed to upload metrics: Post "http://otel-collector:4318/v1/metrics": dial tcp: lookup otel-collector: no such host
{"level":"info","ts":1778553841.577318,"msg":"reconcile schedule added to existing schedules"}
{"level":"info","ts":1778553841.579411,"msg":"schedule poller started","enabled_count":6,"registered":["bridge=5m","transform=5m","field-scan=60m","partition-check=1440m","airbyte-sync=5m","reconcile=30m"],"tick_interval":60,"recon_core_available":true}
2026/05/12 09:44:11 failed to upload metrics: Post "http://otel-collector:4318/v1/metrics": dial tcp: lookup otel-collector: no such host
2026/05/12 09:44:21 failed to upload metrics: Post "http://otel-collector:4318/v1/metrics": dial tcp: lookup otel-collector: no such host
2026/05/12 09:44:31 failed to upload metrics: Post "http://otel-collector:4318/v1/metrics": dial tcp: lookup otel-collector: no such host
2026/05/12 09:44:41 failed to upload metrics: Post "http://otel-collector:4318/v1/metrics": dial tcp: lookup otel-collector: no such host
2026/05/12 09:44:51 failed to upload metrics: Post "http://otel-collector:4318/v1/metrics": dial tcp: lookup otel-collector: no such host
2026/05/12 09:45:01 failed to upload metrics: Post "http://otel-collector:4318/v1/metrics": dial tcp: lookup otel-collector: no such host
{"level":"info","ts":1778553901.604533,"msg":"executing scheduled operation","operation":"bridge","interval_min":5,"first_run":true}
{"level":"info","ts":1778553901.614381,"msg":"executing scheduled operation","operation":"transform","interval_min":5,"first_run":true}
{"level":"info","ts":1778553901.6186838,"msg":"executing scheduled operation","operation":"field-scan","interval_min":60,"first_run":true}
{"level":"info","ts":1778553901.623688,"msg":"executing scheduled operation","operation":"partition-check","interval_min":1440,"first_run":true}
{"level":"info","ts":1778553901.626466,"msg":"executing scheduled operation","operation":"airbyte-sync","interval_min":5,"first_run":true}

2026/05/12 09:45:01 [31;1m/Users/trainguyen/Documents/work/cdc-system/centralized-data-service/internal/handler/command_handler.go:1049 [35;1mERROR: relation "shadow_centralized_export_service.shadow_orders" does not exist (SQLSTATE 42P01)
[0m[33m[0.554ms] [34;1m[rows:-][0m SELECT DISTINCT key FROM (
				SELECT jsonb_object_keys(_raw_data) AS key FROM "shadow_centralized_export_service"."shadow_orders"
				WHERE _raw_data IS NOT NULL AND _raw_data != '{}'::jsonb LIMIT 1000
			) sub

2026/05/12 09:45:01 [31;1m/Users/trainguyen/Documents/work/cdc-system/centralized-data-service/internal/handler/command_handler.go:1049 [35;1mERROR: relation "shadow_centralized_export_service.test_shadow" does not exist (SQLSTATE 42P01)
[0m[33m[0.437ms] [34;1m[rows:-][0m SELECT DISTINCT key FROM (
				SELECT jsonb_object_keys(_raw_data) AS key FROM "shadow_centralized_export_service"."test_shadow"
				WHERE _raw_data IS NOT NULL AND _raw_data != '{}'::jsonb LIMIT 1000
			) sub
{"level":"info","ts":1778553901.649712,"msg":"periodic scan completed","new_rules_created":0,"tables_scanned":2}
2026/05/12 09:45:06 Post "http://otel-collector:4318/v1/logs": dial tcp: lookup otel-collector: no such host
2026/05/12 09:45:11 failed to upload metrics: Post "http://otel-collector:4318/v1/metrics": dial tcp: lookup otel-collector: no such host
2026/05/12 09:45:21 failed to upload metrics: Post "http://otel-collector:4318/v1/metrics": dial tcp: lookup otel-collector: no such host
{"level":"info","ts":1778553921.9876978,"msg":"config reload triggered by user","table":"sd_export_jobs","user_id":"admin","action":"register","field":""}
{"level":"info","ts":1778553921.996091,"msg":"V2 metadata registry reloaded","sources":0,"connections":5,"shadow_bindings":0,"v2_mapping_rules":0}
{"level":"info","ts":1778553921.9963012,"msg":"creating default columns","schema":"public","table":"sd_export_jobs"}
{"level":"info","ts":1778553922.017026,"msg":"default columns ensured","schema":"public","table":"sd_export_jobs","columns_processed":0}
{"level":"info","ts":1778553922.017117,"msg":"command result","command":"create-default-columns","target_table":"sd_export_jobs","status":"success","rows_affected":0}
2026/05/12 09:45:31 failed to upload metrics: Post "http://otel-collector:4318/v1/metrics": dial tcp: lookup otel-collector: no such host
{"level":"info","ts":1778553934.3186429,"msg":"config reload triggered by user","table":"sd_export_jobs","user_id":"admin","action":"update","field":""}
{"level":"info","ts":1778553934.320423,"msg":"V2 metadata registry reloaded","sources":0,"connections":5,"shadow_bindings":0,"v2_mapping_rules":0}
{"level":"info","ts":1778553936.230809,"msg":"creating default columns","schema":"shadow_centralized_export_service","table":"sd_export_jobs"}
{"level":"info","ts":1778553936.2503738,"msg":"default columns ensured","schema":"shadow_centralized_export_service","table":"sd_export_jobs","columns_processed":0}
{"level":"info","ts":1778553936.250438,"msg":"command result","command":"create-default-columns","target_table":"sd_export_jobs","status":"success","rows_affected":0}
2026/05/12 09:45:41 failed to upload metrics: Post "http://otel-collector:4318/v1/metrics": dial tcp: lookup otel-collector: no such host
2026/05/12 09:45:51 failed to upload metrics: Post "http://otel-collector:4318/v1/metrics": dial tcp: lookup otel-collector: no such host
2026/05/12 09:46:01 failed to upload metrics: Post "http://otel-collector:4318/v1/metrics": dial tcp: lookup otel-collector: no such host
2026/05/12 09:46:11 failed to upload metrics: Post "http://otel-collector:4318/v1/metrics": dial tcp: lookup otel-collector: no such host
2026/05/12 09:46:21 failed to upload metrics: Post "http://otel-collector:4318/v1/metrics": dial tcp: lookup otel-collector: no such host
2026/05/12 09:46:31 failed to upload metrics: Post "http://otel-collector:4318/v1/metrics": dial tcp: lookup otel-collector: no such host
2026/05/12 09:46:41 failed to upload metrics: Post "http://otel-collector:4318/v1/metrics": dial tcp: lookup otel-collector: no such host
2026/05/12 09:46:51 failed to upload metrics: Post "http://otel-collector:4318/v1/metrics": dial tcp: lookup otel-collector: no such host
2026/05/12 09:47:01 failed to upload metrics: Post "http://otel-collector:4318/v1/metrics": dial tcp: lookup otel-collector: no such host
2026/05/12 09:47:11 failed to upload metrics: Post "http://otel-collector:4318/v1/metrics": dial tcp: lookup otel-collector: no such host
2026/05/12 09:47:21 failed to upload metrics: Post "http://otel-collector:4318/v1/metrics": dial tcp: lookup otel-collector: no such host
2026/05/12 09:47:31 failed to upload metrics: Post "http://otel-collector:4318/v1/metrics": dial tcp: lookup otel-collector: no such host
2026/05/12 09:47:41 failed to upload metrics: Post "http://otel-collector:4318/v1/metrics": dial tcp: lookup otel-collector: no such host
2026/05/12 09:47:51 failed to upload metrics: Post "http://otel-collector:4318/v1/metrics": dial tcp: lookup otel-collector: no such host
2026/05/12 09:48:01 failed to upload metrics: Post "http://otel-collector:4318/v1/metrics": dial tcp: lookup otel-collector: no such host
2026/05/12 09:48:11 failed to upload metrics: Post "http://otel-collector:4318/v1/metrics": dial tcp: lookup otel-collector: no such host
2026/05/12 09:48:21 failed to upload metrics: Post "http://otel-collector:4318/v1/metrics": dial tcp: lookup otel-collector: no such host
2026/05/12 09:48:31 failed to upload metrics: Post "http://otel-collector:4318/v1/metrics": dial tcp: lookup otel-collector: no such host
2026/05/12 09:48:41 failed to upload metrics: Post "http://otel-collector:4318/v1/metrics": dial tcp: lookup otel-collector: no such host
2026/05/12 09:48:51 failed to upload metrics: Post "http://otel-collector:4318/v1/metrics": dial tcp: lookup otel-collector: no such host
2026/05/12 09:49:01 failed to upload metrics: Post "http://otel-collector:4318/v1/metrics": dial tcp: lookup otel-collector: no such host
2026/05/12 09:49:11 failed to upload metrics: Post "http://otel-collector:4318/v1/metrics": dial tcp: lookup otel-collector: no such host
2026/05/12 09:49:21 failed to upload metrics: Post "http://otel-collector:4318/v1/metrics": dial tcp: lookup otel-collector: no such host
2026/05/12 09:49:31 failed to upload metrics: Post "http://otel-collector:4318/v1/metrics": dial tcp: lookup otel-collector: no such host
2026/05/12 09:49:41 failed to upload metrics: Post "http://otel-collector:4318/v1/metrics": dial tcp: lookup otel-collector: no such host
2026/05/12 09:49:51 failed to upload metrics: Post "http://otel-collector:4318/v1/metrics": dial tcp: lookup otel-collector: no such host
2026/05/12 09:50:01 failed to upload metrics: Post "http://otel-collector:4318/v1/metrics": dial tcp: lookup otel-collector: no such host
2026/05/12 09:50:11 failed to upload metrics: Post "http://otel-collector:4318/v1/metrics": dial tcp: lookup otel-collector: no such host
2026/05/12 09:50:21 failed to upload metrics: Post "http://otel-collector:4318/v1/metrics": dial tcp: lookup otel-collector: no such host
2026/05/12 09:50:31 failed to upload metrics: Post "http://otel-collector:4318/v1/metrics": dial tcp: lookup otel-collector: no such host
2026/05/12 09:50:41 failed to upload metrics: Post "http://otel-collector:4318/v1/metrics": dial tcp: lookup otel-collector: no such host
2026/05/12 09:50:51 failed to upload metrics: Post "http://otel-collector:4318/v1/metrics": dial tcp: lookup otel-collector: no such host
2026/05/12 09:51:01 failed to upload metrics: Post "http://otel-collector:4318/v1/metrics": dial tcp: lookup otel-collector: no such host
2026/05/12 09:51:11 failed to upload metrics: Post "http://otel-collector:4318/v1/metrics": dial tcp: lookup otel-collector: no such host
2026/05/12 09:51:21 failed to upload metrics: Post "http://otel-collector:4318/v1/metrics": dial tcp: lookup otel-collector: no such host
2026/05/12 09:51:31 failed to upload metrics: Post "http://otel-collector:4318/v1/metrics": dial tcp: lookup otel-collector: no such host
2026/05/12 09:51:41 failed to upload metrics: Post "http://otel-collector:4318/v1/metrics": dial tcp: lookup otel-collector: no such host
2026/05/12 09:51:51 failed to upload metrics: Post "http://otel-collector:4318/v1/metrics": dial tcp: lookup otel-collector: no such host
2026/05/12 09:52:01 failed to upload metrics: Post "http://otel-collector:4318/v1/metrics": dial tcp: lookup otel-collector: no such host
2026/05/12 09:52:11 failed to upload metrics: Post "http://otel-collector:4318/v1/metrics": dial tcp: lookup otel-collector: no such host
2026/05/12 09:52:21 failed to upload metrics: Post "http://otel-collector:4318/v1/metrics": dial tcp: lookup otel-collector: no such host
2026/05/12 09:52:31 failed to upload metrics: Post "http://otel-collector:4318/v1/metrics": dial tcp: lookup otel-collector: no such host
2026/05/12 09:52:41 failed to upload metrics: Post "http://otel-collector:4318/v1/metrics": dial tcp: lookup otel-collector: no such host
2026/05/12 09:52:51 failed to upload metrics: Post "http://otel-collector:4318/v1/metrics": dial tcp: lookup otel-collector: no such host
{"level":"info","ts":1778554377.924575,"msg":"scan-fields dispatch","target":"sd_export_jobs","source":"export-jobs","engine":"debezium"}
2026/05/12 09:53:01 failed to upload metrics: Post "http://otel-collector:4318/v1/metrics": dial tcp: lookup otel-collector: no such host
2026/05/12 09:53:11 failed to upload metrics: Post "http://otel-collector:4318/v1/metrics": dial tcp: lookup otel-collector: no such host
2026/05/12 09:53:21 failed to upload metrics: Post "http://otel-collector:4318/v1/metrics": dial tcp: lookup otel-collector: no such host
2026/05/12 09:53:31 failed to upload metrics: Post "http://otel-collector:4318/v1/metrics": dial tcp: lookup otel-collector: no such host
2026/05/12 09:53:41 failed to upload metrics: Post "http://otel-collector:4318/v1/metrics": dial tcp: lookup otel-collector: no such host
2026/05/12 09:53:51 failed to upload metrics: Post "http://otel-collector:4318/v1/metrics": dial tcp: lookup otel-collector: no such host
2026/05/12 09:54:01 failed to upload metrics: Post "http://otel-collector:4318/v1/metrics": dial tcp: lookup otel-collector: no such host
{"level":"info","ts":1778554449.503019,"msg":"scan-fields dispatch","target":"sd_export_jobs","source":"export-jobs","engine":"debezium"}
2026/05/12 09:54:11 failed to upload metrics: Post "http://otel-collector:4318/v1/metrics": dial tcp: lookup otel-collector: no such host
2026/05/12 09:54:21 failed to upload metrics: Post "http://otel-collector:4318/v1/metrics": dial tcp: lookup otel-collector: no such host
2026/05/12 09:54:31 failed to upload metrics: Post "http://otel-collector:4318/v1/metrics": dial tcp: lookup otel-collector: no such host
2026/05/12 09:54:41 failed to upload metrics: Post "http://otel-collector:4318/v1/metrics": dial tcp: lookup otel-collector: no such host
2026/05/12 09:54:51 failed to upload metrics: Post "http://otel-collector:4318/v1/metrics": dial tcp: lookup otel-collector: no such host
2026/05/12 09:55:01 failed to upload metrics: Post "http://otel-collector:4318/v1/metrics": dial tcp: lookup otel-collector: no such host
2026/05/12 09:55:11 failed to upload metrics: Post "http://otel-collector:4318/v1/metrics": dial tcp: lookup otel-collector: no such host
2026/05/12 09:55:21 failed to upload metrics: Post "http://otel-collector:4318/v1/metrics": dial tcp: lookup otel-collector: no such host
2026/05/12 09:55:31 failed to upload metrics: Post "http://otel-collector:4318/v1/metrics": dial tcp: lookup otel-collector: no such host
2026/05/12 09:55:41 failed to upload metrics: Post "http://otel-collector:4318/v1/metrics": dial tcp: lookup otel-collector: no such host
2026/05/12 09:55:51 failed to upload metrics: Post "http://otel-collector:4318/v1/metrics": dial tcp: lookup otel-collector: no such host
2026/05/12 09:56:01 failed to upload metrics: Post "http://otel-collector:4318/v1/metrics": dial tcp: lookup otel-collector: no such host
2026/05/12 09:56:11 failed to upload metrics: Post "http://otel-collector:4318/v1/metrics": dial tcp: lookup otel-collector: no such host
2026/05/12 09:56:21 failed to upload metrics: Post "http://otel-collector:4318/v1/metrics": dial tcp: lookup otel-collector: no such host
2026/05/12 09:56:31 failed to upload metrics: Post "http://otel-collector:4318/v1/metrics": dial tcp: lookup otel-collector: no such host
2026/05/12 09:56:41 failed to upload metrics: Post "http://otel-collector:4318/v1/metrics": dial tcp: lookup otel-collector: no such host
2026/05/12 09:56:51 failed to upload metrics: Post "http://otel-collector:4318/v1/metrics": dial tcp: lookup otel-collector: no such host
2026/05/12 09:57:01 failed to upload metrics: Post "http://otel-collector:4318/v1/metrics": dial tcp: lookup otel-collector: no such host
2026/05/12 09:57:11 failed to upload metrics: Post "http://otel-collector:4318/v1/metrics": dial tcp: lookup otel-collector: no such host
{"level":"info","ts":1778554638.276712,"msg":"creating default columns","schema":"shadow_centralized_export_service","table":"sd_export_jobs"}
{"level":"info","ts":1778554638.313504,"msg":"default columns ensured","schema":"shadow_centralized_export_service","table":"sd_export_jobs","columns_processed":0}
{"level":"info","ts":1778554638.3137321,"msg":"command result","command":"create-default-columns","target_table":"sd_export_jobs","status":"success","rows_affected":0}
2026/05/12 09:57:21 failed to upload metrics: Post "http://otel-collector:4318/v1/metrics": dial tcp: lookup otel-collector: no such host
2026/05/12 09:57:31 failed to upload metrics: Post "http://otel-collector:4318/v1/metrics": dial tcp: lookup otel-collector: no such host
2026/05/12 09:57:41 failed to upload metrics: Post "http://otel-collector:4318/v1/metrics": dial tcp: lookup otel-collector: no such host
2026/05/12 09:57:51 failed to upload metrics: Post "http://otel-collector:4318/v1/metrics": dial tcp: lookup otel-collector: no such host
2026/05/12 09:58:01 failed to upload metrics: Post "http://otel-collector:4318/v1/metrics": dial tcp: lookup otel-collector: no such host
2026/05/12 09:58:11 failed to upload metrics: Post "http://otel-collector:4318/v1/metrics": dial tcp: lookup otel-collector: no such host
2026/05/12 09:58:21 failed to upload metrics: Post "http://otel-collector:4318/v1/metrics": dial tcp: lookup otel-collector: no such host
2026/05/12 09:58:31 failed to upload metrics: Post "http://otel-collector:4318/v1/metrics": dial tcp: lookup otel-collector: no such host
2026/05/12 09:58:41 failed to upload metrics: Post "http://otel-collector:4318/v1/metrics": dial tcp: lookup otel-collector: no such host
{"level":"info","ts":1778554729.096412,"msg":"shutting down CDC Worker..."}
{"level":"info","ts":1778554729.0964868,"msg":"metrics HTTP server stopped"}
{"level":"info","ts":1778554729.0966241,"msg":"stopping consumer pool..."}
2026/05/12 09:58:51 failed to upload metrics: Post "http://otel-collector:4318/v1/metrics": dial tcp: lookup otel-collector: no such host
2026/05/12 09:58:51 Post "http://otel-collector:4318/v1/logs": dial tcp: lookup otel-collector: no such host
{"level":"info","ts":1778554731.739691,"msg":"consumer pool stopped"}
{"level":"info","ts":1778554731.7437701,"caller":"observability/otel.go:419","msg":"OpenTelemetry shutdown"}
